// Jest Snapshot v1, https://goo.gl/fbAQLP

exports[`<App /> should render correctly 1`] = `
<BrowserRouter>
  <ContextProvider
    value={
      Object {
        "updateUser": [Function],
        "user": Object {},
      }
    }
  >
    <Switch>
      <ProtectedRoute
        component={[Function]}
        path="/user"
      />
      <ProtectedRoute
        component={[Function]}
        path="/home"
      />
      <Route
        component={[Function]}
        path="/signup"
      />
      <Route
        component={[Function]}
        path="/"
      />
    </Switch>
  </ContextProvider>
</BrowserRouter>
`;
